[Errno 17] File exists: '40028176000176'
[Errno 17] File exists: '40028176000176'
